0 verbose cli /usr/local/bin/node /usr/local/bin/npm
1 info using npm@11.6.1
2 info using node@v24.11.0
3 silly config load:file:/usr/local/lib/node_modules/npm/npmrc
4 silly config load:file:/Users/asfanshanu/Desktop/hijamabyasfan/.npmrc
5 silly config load:file:/Users/asfanshanu/.npmrc
6 silly config load:file:/usr/local/etc/npmrc
7 verbose title npm install @supabase/supabase-js @supabase/ssr lucide-react react-hook-form zod @hookform/resolvers clsx tailwind-merge
8 verbose argv "install" "@supabase/supabase-js" "@supabase/ssr" "lucide-react" "react-hook-form" "zod" "@hookform/resolvers" "clsx" "tailwind-merge" "--cache" ".npm_cache"
9 verbose logfile logs-max:10 dir:/Users/asfanshanu/Desktop/hijamabyasfan/.npm_cache/_logs/2026-07-11T23_10_12_798Z-
10 verbose logfile /Users/asfanshanu/Desktop/hijamabyasfan/.npm_cache/_logs/2026-07-11T23_10_12_798Z-debug-0.log
11 silly logfile done cleaning log files
12 silly packumentCache heap:2348810240 maxSize:587202560 maxEntrySize:293601280
13 silly idealTree buildDeps
14 silly fetch manifest @supabase/supabase-js@*
15 silly packumentCache full:https://registry.npmjs.org/@supabase%2fsupabase-js cache-miss
16 http fetch GET 200 https://registry.npmjs.org/@supabase%2fsupabase-js 858ms (cache miss)
17 silly packumentCache full:https://registry.npmjs.org/@supabase%2fsupabase-js set size:undefined disposed:false
18 silly fetch manifest @supabase/ssr@*
19 silly packumentCache full:https://registry.npmjs.org/@supabase%2fssr cache-miss
20 http fetch GET 200 https://registry.npmjs.org/@supabase%2fssr 373ms (cache miss)
21 silly packumentCache full:https://registry.npmjs.org/@supabase%2fssr set size:undefined disposed:false
22 silly fetch manifest lucide-react@*
23 silly packumentCache full:https://registry.npmjs.org/lucide-react cache-miss
24 http fetch GET 200 https://registry.npmjs.org/lucide-react 177ms (cache miss)
25 silly packumentCache full:https://registry.npmjs.org/lucide-react set size:undefined disposed:false
26 silly fetch manifest react@19.2.4
27 silly packumentCache full:https://registry.npmjs.org/react cache-miss
28 http cache https://registry.npmjs.org/react 16ms (cache hit)
29 silly packumentCache full:https://registry.npmjs.org/react set size:6787766 disposed:false
30 silly fetch manifest react-hook-form@*
31 silly packumentCache full:https://registry.npmjs.org/react-hook-form cache-miss
32 http fetch GET 200 https://registry.npmjs.org/react-hook-form 638ms (cache miss)
33 silly packumentCache full:https://registry.npmjs.org/react-hook-form set size:undefined disposed:false
34 silly fetch manifest zod@*
35 silly packumentCache full:https://registry.npmjs.org/zod cache-miss
36 http cache https://registry.npmjs.org/zod 9ms (cache hit)
37 silly packumentCache full:https://registry.npmjs.org/zod set size:3552562 disposed:false
38 silly fetch manifest @hookform/resolvers@*
39 silly packumentCache full:https://registry.npmjs.org/@hookform%2fresolvers cache-miss
40 http fetch GET 200 https://registry.npmjs.org/@hookform%2fresolvers 757ms (cache miss)
41 silly packumentCache full:https://registry.npmjs.org/@hookform%2fresolvers set size:undefined disposed:false
42 silly fetch manifest clsx@*
43 silly packumentCache full:https://registry.npmjs.org/clsx cache-miss
44 http fetch GET 200 https://registry.npmjs.org/clsx 336ms (cache miss)
45 silly packumentCache full:https://registry.npmjs.org/clsx set size:undefined disposed:false
46 silly fetch manifest tailwind-merge@*
47 silly packumentCache full:https://registry.npmjs.org/tailwind-merge cache-miss
48 http fetch GET 200 https://registry.npmjs.org/tailwind-merge 401ms (cache miss)
49 silly packumentCache full:https://registry.npmjs.org/tailwind-merge set size:undefined disposed:false
50 silly placeDep ROOT @hookform/resolvers@5.4.0 OK for: hijamabyasfan@0.1.0 want: *
51 silly placeDep ROOT react-hook-form@7.81.0 OK for: @hookform/resolvers@5.4.0 want: ^7.55.0
52 silly placeDep ROOT @supabase/ssr@0.12.0 OK for: hijamabyasfan@0.1.0 want: *
53 silly placeDep ROOT @supabase/supabase-js@2.110.2 OK for: @supabase/ssr@0.12.0 want: ^2.108.0
54 silly placeDep ROOT @supabase/supabase-js@2.110.2 REPLACE for: hijamabyasfan@0.1.0 want: *
55 silly placeDep ROOT clsx@2.1.1 OK for: hijamabyasfan@0.1.0 want: *
56 silly placeDep ROOT lucide-react@1.24.0 OK for: hijamabyasfan@0.1.0 want: *
57 silly placeDep ROOT react-hook-form@7.81.0 REPLACE for: hijamabyasfan@0.1.0 want: *
58 silly placeDep ROOT tailwind-merge@3.6.0 OK for: hijamabyasfan@0.1.0 want: *
59 silly placeDep ROOT zod@4.4.3 REPLACE for: hijamabyasfan@0.1.0 want: *
60 silly fetch manifest @standard-schema/utils@^0.3.0
61 silly packumentCache full:https://registry.npmjs.org/@standard-schema%2futils cache-miss
62 silly fetch manifest cookie@^1.0.2
63 silly packumentCache full:https://registry.npmjs.org/cookie cache-miss
64 silly fetch manifest @supabase/auth-js@2.110.2
65 silly packumentCache full:https://registry.npmjs.org/@supabase%2fauth-js cache-miss
66 silly fetch manifest @supabase/storage-js@2.110.2
67 silly packumentCache full:https://registry.npmjs.org/@supabase%2fstorage-js cache-miss
68 silly fetch manifest @supabase/realtime-js@2.110.2
69 silly packumentCache full:https://registry.npmjs.org/@supabase%2frealtime-js cache-miss
70 silly fetch manifest @supabase/functions-js@2.110.2
71 silly packumentCache full:https://registry.npmjs.org/@supabase%2ffunctions-js cache-miss
72 silly fetch manifest @supabase/postgrest-js@2.110.2
73 silly packumentCache full:https://registry.npmjs.org/@supabase%2fpostgrest-js cache-miss
74 http fetch GET 200 https://registry.npmjs.org/cookie 233ms (cache miss)
75 silly packumentCache full:https://registry.npmjs.org/cookie set size:undefined disposed:false
76 silly fetch manifest @supabase/auth-js@2.110.2
77 silly packumentCache full:https://registry.npmjs.org/@supabase%2fauth-js cache-miss
78 http fetch GET 200 https://registry.npmjs.org/@supabase%2ffunctions-js 483ms (cache miss)
79 silly packumentCache full:https://registry.npmjs.org/@supabase%2ffunctions-js set size:undefined disposed:false
80 silly fetch manifest @supabase/storage-js@2.110.2
81 silly packumentCache full:https://registry.npmjs.org/@supabase%2fstorage-js cache-miss
82 http fetch GET 200 https://registry.npmjs.org/@supabase%2fauth-js 270ms (cache miss)
83 silly packumentCache full:https://registry.npmjs.org/@supabase%2fauth-js set size:undefined disposed:false
84 silly fetch manifest @supabase/realtime-js@2.110.2
85 silly packumentCache full:https://registry.npmjs.org/@supabase%2frealtime-js cache-miss
86 http fetch GET 200 https://registry.npmjs.org/@supabase%2fstorage-js 526ms (cache miss)
87 silly packumentCache full:https://registry.npmjs.org/@supabase%2fstorage-js set size:undefined disposed:false
88 silly fetch manifest @supabase/postgrest-js@2.110.2
89 silly packumentCache full:https://registry.npmjs.org/@supabase%2fpostgrest-js cache-miss
90 http fetch GET 200 https://registry.npmjs.org/@supabase%2fauth-js 536ms (cache miss)
91 silly packumentCache full:https://registry.npmjs.org/@supabase%2fauth-js set size:undefined disposed:false
92 http fetch GET 200 https://registry.npmjs.org/@supabase%2fpostgrest-js 574ms (cache miss)
93 silly packumentCache full:https://registry.npmjs.org/@supabase%2fpostgrest-js set size:undefined disposed:false
94 http fetch GET 200 https://registry.npmjs.org/@supabase%2fstorage-js 141ms (cache miss)
95 silly packumentCache full:https://registry.npmjs.org/@supabase%2fstorage-js set size:undefined disposed:false
96 http fetch GET 200 https://registry.npmjs.org/@supabase%2frealtime-js 658ms (cache miss)
97 silly packumentCache full:https://registry.npmjs.org/@supabase%2frealtime-js set size:undefined disposed:false
98 http fetch GET 200 https://registry.npmjs.org/@supabase%2frealtime-js 185ms (cache miss)
99 silly packumentCache full:https://registry.npmjs.org/@supabase%2frealtime-js set size:undefined disposed:false
100 http fetch GET 200 https://registry.npmjs.org/@standard-schema%2futils 729ms (cache miss)
101 silly packumentCache full:https://registry.npmjs.org/@standard-schema%2futils set size:undefined disposed:false
102 http fetch GET 200 https://registry.npmjs.org/@supabase%2fpostgrest-js 214ms (cache miss)
103 silly packumentCache full:https://registry.npmjs.org/@supabase%2fpostgrest-js set size:undefined disposed:false
104 silly placeDep ROOT @standard-schema/utils@0.3.0 OK for: @hookform/resolvers@5.4.0 want: ^0.3.0
105 silly placeDep ROOT cookie@1.1.1 OK for: @supabase/ssr@0.12.0 want: ^1.0.2
106 silly placeDep ROOT @supabase/auth-js@2.110.2 OK for: @supabase/supabase-js@2.110.2 want: 2.110.2
107 silly placeDep ROOT @supabase/functions-js@2.110.2 OK for: @supabase/supabase-js@2.110.2 want: 2.110.2
108 silly placeDep ROOT @supabase/postgrest-js@2.110.2 OK for: @supabase/supabase-js@2.110.2 want: 2.110.2
109 silly placeDep ROOT @supabase/realtime-js@2.110.2 OK for: @supabase/supabase-js@2.110.2 want: 2.110.2
110 silly placeDep ROOT @supabase/storage-js@2.110.2 OK for: @supabase/supabase-js@2.110.2 want: 2.110.2
111 silly fetch manifest @supabase/phoenix@0.4.4
112 silly packumentCache full:https://registry.npmjs.org/@supabase%2fphoenix cache-miss
113 silly fetch manifest iceberg-js@^0.8.1
114 silly packumentCache full:https://registry.npmjs.org/iceberg-js cache-miss
115 http fetch GET 200 https://registry.npmjs.org/@supabase%2fphoenix 236ms (cache miss)
116 silly packumentCache full:https://registry.npmjs.org/@supabase%2fphoenix set size:undefined disposed:false
117 http fetch GET 200 https://registry.npmjs.org/iceberg-js 317ms (cache miss)
118 silly packumentCache full:https://registry.npmjs.org/iceberg-js set size:undefined disposed:false
119 silly placeDep ROOT @supabase/phoenix@0.4.4 OK for: @supabase/realtime-js@2.110.2 want: 0.4.4
120 silly placeDep ROOT iceberg-js@0.8.1 OK for: @supabase/storage-js@2.110.2 want: ^0.8.1
121 silly reify mark retired [ '/Users/asfanshanu/Desktop/hijamabyasfan/node_modules/@emnapi/core' ]
122 silly reify mark retired [
122 silly reify   '/Users/asfanshanu/Desktop/hijamabyasfan/node_modules/@emnapi/runtime'
122 silly reify ]
123 silly reify moves {
123 silly reify   '/Users/asfanshanu/Desktop/hijamabyasfan/node_modules/@emnapi/core': '/Users/asfanshanu/Desktop/hijamabyasfan/node_modules/@emnapi/.core-xczQTKJb',
123 silly reify   '/Users/asfanshanu/Desktop/hijamabyasfan/node_modules/@emnapi/runtime': '/Users/asfanshanu/Desktop/hijamabyasfan/node_modules/@emnapi/.runtime-EpDOJ3Tr'
123 silly reify }
124 silly audit bulk request {
124 silly audit   '@alloc/quick-lru': [ '5.2.0' ],
124 silly audit   '@babel/code-frame': [ '7.29.7' ],
124 silly audit   '@babel/compat-data': [ '7.29.7' ],
124 silly audit   '@babel/core': [ '7.29.7' ],
124 silly audit   '@babel/generator': [ '7.29.7' ],
124 silly audit   '@babel/helper-compilation-targets': [ '7.29.7' ],
124 silly audit   '@babel/helper-globals': [ '7.29.7' ],
124 silly audit   '@babel/helper-module-imports': [ '7.29.7' ],
124 silly audit   '@babel/helper-module-transforms': [ '7.29.7' ],
124 silly audit   '@babel/helper-string-parser': [ '7.29.7' ],
124 silly audit   '@babel/helper-validator-identifier': [ '7.29.7' ],
124 silly audit   '@babel/helper-validator-option': [ '7.29.7' ],
124 silly audit   '@babel/helpers': [ '7.29.7' ],
124 silly audit   '@babel/parser': [ '7.29.7' ],
124 silly audit   '@babel/template': [ '7.29.7' ],
124 silly audit   '@babel/traverse': [ '7.29.7' ],
124 silly audit   '@babel/types': [ '7.29.7' ],
124 silly audit   '@emnapi/runtime': [ '1.10.0' ],
124 silly audit   '@emnapi/wasi-threads': [ '1.2.1' ],
124 silly audit   '@eslint-community/eslint-utils': [ '4.9.1' ],
124 silly audit   'eslint-visitor-keys': [ '3.4.3', '5.0.1', '4.2.1' ],
124 silly audit   '@eslint-community/regexpp': [ '4.12.2' ],
124 silly audit   '@eslint/config-array': [ '0.21.2' ],
124 silly audit   '@eslint/config-helpers': [ '0.4.2' ],
124 silly audit   '@eslint/core': [ '0.17.0' ],
124 silly audit   '@eslint/eslintrc': [ '3.3.6' ],
124 silly audit   '@eslint/js': [ '9.39.5' ],
124 silly audit   '@eslint/object-schema': [ '2.1.7' ],
124 silly audit   '@eslint/plugin-kit': [ '0.4.1' ],
124 silly audit   '@humanfs/core': [ '0.19.2' ],
124 silly audit   '@humanfs/node': [ '0.16.8' ],
124 silly audit   '@humanfs/types': [ '0.15.0' ],
124 silly audit   '@humanwhocodes/module-importer': [ '1.0.1' ],
124 silly audit   '@humanwhocodes/retry': [ '0.4.3' ],
124 silly audit   '@img/colour': [ '1.1.0' ],
124 silly audit   '@img/sharp-darwin-arm64': [ '0.34.5' ],
124 silly audit   '@img/sharp-darwin-x64': [ '0.34.5' ],
124 silly audit   '@img/sharp-libvips-darwin-arm64': [ '1.2.4' ],
124 silly audit   '@img/sharp-libvips-darwin-x64': [ '1.2.4' ],
124 silly audit   '@img/sharp-libvips-linux-arm': [ '1.2.4' ],
124 silly audit   '@img/sharp-libvips-linux-arm64': [ '1.2.4' ],
124 silly audit   '@img/sharp-libvips-linux-ppc64': [ '1.2.4' ],
124 silly audit   '@img/sharp-libvips-linux-riscv64': [ '1.2.4' ],
124 silly audit   '@img/sharp-libvips-linux-s390x': [ '1.2.4' ],
124 silly audit   '@img/sharp-libvips-linux-x64': [ '1.2.4' ],
124 silly audit   '@img/sharp-libvips-linuxmusl-arm64': [ '1.2.4' ],
124 silly audit   '@img/sharp-libvips-linuxmusl-x64': [ '1.2.4' ],
124 silly audit   '@img/sharp-linux-arm': [ '0.34.5' ],
124 silly audit   '@img/sharp-linux-arm64': [ '0.34.5' ],
124 silly audit   '@img/sharp-linux-ppc64': [ '0.34.5' ],
124 silly audit   '@img/sharp-linux-riscv64': [ '0.34.5' ],
124 silly audit   '@img/sharp-linux-s390x': [ '0.34.5' ],
124 silly audit   '@img/sharp-linux-x64': [ '0.34.5' ],
124 silly audit   '@img/sharp-linuxmusl-arm64': [ '0.34.5' ],
124 silly audit   '@img/sharp-linuxmusl-x64': [ '0.34.5' ],
124 silly audit   '@img/sharp-wasm32': [ '0.34.5' ],
124 silly audit   '@img/sharp-win32-arm64': [ '0.34.5' ],
124 silly audit   '@img/sharp-win32-ia32': [ '0.34.5' ],
124 silly audit   '@img/sharp-win32-x64': [ '0.34.5' ],
124 silly audit   '@jridgewell/gen-mapping': [ '0.3.13' ],
124 silly audit   '@jridgewell/remapping': [ '2.3.5' ],
124 silly audit   '@jridgewell/resolve-uri': [ '3.1.2' ],
124 silly audit   '@jridgewell/sourcemap-codec': [ '1.5.5' ],
124 silly audit   '@jridgewell/trace-mapping': [ '0.3.31' ],
124 silly audit   '@napi-rs/wasm-runtime': [ '1.1.6' ],
124 silly audit   '@next/env': [ '16.2.10' ],
124 silly audit   '@next/eslint-plugin-next': [ '16.2.10' ],
124 silly audit   '@next/swc-darwin-arm64': [ '16.2.10' ],
124 silly audit   '@next/swc-darwin-x64': [ '16.2.10' ],
124 silly audit   '@next/swc-linux-arm64-gnu': [ '16.2.10' ],
124 silly audit   '@next/swc-linux-arm64-musl': [ '16.2.10' ],
124 silly audit   '@next/swc-linux-x64-gnu': [ '16.2.10' ],
124 silly audit   '@next/swc-linux-x64-musl': [ '16.2.10' ],
124 silly audit   '@next/swc-win32-arm64-msvc': [ '16.2.10' ],
124 silly audit   '@next/swc-win32-x64-msvc': [ '16.2.10' ],
124 silly audit   '@nodelib/fs.scandir': [ '2.1.5' ],
124 silly audit   '@nodelib/fs.stat': [ '2.0.5' ],
124 silly audit   '@nodelib/fs.walk': [ '1.2.8' ],
124 silly audit   '@nolyfill/is-core-module': [ '1.0.39' ],
124 silly audit   '@rtsao/scc': [ '1.1.0' ],
124 silly audit   '@swc/helpers': [ '0.5.15' ],
124 silly audit   '@tailwindcss/node': [ '4.3.2' ],
124 silly audit   '@tailwindcss/oxide': [ '4.3.2' ],
124 silly audit   '@tailwindcss/oxide-android-arm64': [ '4.3.2' ],
124 silly audit   '@tailwindcss/oxide-darwin-arm64': [ '4.3.2' ],
124 silly audit   '@tailwindcss/oxide-darwin-x64': [ '4.3.2' ],
124 silly audit   '@tailwindcss/oxide-freebsd-x64': [ '4.3.2' ],
124 silly audit   '@tailwindcss/oxide-linux-arm-gnueabihf': [ '4.3.2' ],
124 silly audit   '@tailwindcss/oxide-linux-arm64-gnu': [ '4.3.2' ],
124 silly audit   '@tailwindcss/oxide-linux-arm64-musl': [ '4.3.2' ],
124 silly audit   '@tailwindcss/oxide-linux-x64-gnu': [ '4.3.2' ],
124 silly audit   '@tailwindcss/oxide-linux-x64-musl': [ '4.3.2' ],
124 silly audit   '@tailwindcss/oxide-wasm32-wasi': [ '4.3.2' ],
124 silly audit   '@tailwindcss/oxide-win32-arm64-msvc': [ '4.3.2' ],
124 silly audit   '@tailwindcss/oxide-win32-x64-msvc': [ '4.3.2' ],
124 silly audit   '@tailwindcss/postcss': [ '4.3.2' ],
124 silly audit   '@tybys/wasm-util': [ '0.10.3' ],
124 silly audit   '@types/estree': [ '1.0.9' ],
124 silly audit   '@types/json-schema': [ '7.0.15' ],
124 silly audit   '@types/json5': [ '0.0.29' ],
124 silly audit   '@types/node': [ '20.19.43' ],
124 silly audit   '@types/react': [ '19.2.17' ],
124 silly audit   '@types/react-dom': [ '19.2.3' ],
124 silly audit   '@typescript-eslint/eslint-plugin': [ '8.63.0' ],
124 silly audit   ignore: [ '7.0.6', '5.3.2' ],
124 silly audit   '@typescript-eslint/parser': [ '8.63.0' ],
124 silly audit   '@typescript-eslint/project-service': [ '8.63.0' ],
124 silly audit   '@typescript-eslint/scope-manager': [ '8.63.0' ],
124 silly audit   '@typescript-eslint/tsconfig-utils': [ '8.63.0' ],
124 silly audit   '@typescript-eslint/type-utils': [ '8.63.0' ],
124 silly audit   '@typescript-eslint/types': [ '8.63.0' ],
124 silly audit   '@typescript-eslint/typescript-estree': [ '8.63.0' ],
124 silly audit   'balanced-match': [ '4.0.4', '1.0.2' ],
124 silly audit   'brace-expansion': [ '5.0.7', '1.1.16' ],
124 silly audit   minimatch: [ '10.2.5', '3.1.5' ],
124 silly audit   semver: [ '7.8.5', '6.3.1' ],
124 silly audit   '@typescript-eslint/utils': [ '8.63.0' ],
124 silly audit   '@typescript-eslint/visitor-keys': [ '8.63.0' ],
124 silly audit   '@unrs/resolver-binding-android-arm-eabi': [ '1.12.2' ],
124 silly audit   '@unrs/resolver-binding-android-arm64': [ '1.12.2' ],
124 silly audit   '@unrs/resolver-binding-darwin-arm64': [ '1.12.2' ],
124 silly audit   '@unrs/resolver-binding-darwin-x64': [ '1.12.2' ],
124 silly audit   '@unrs/resolver-binding-freebsd-x64': [ '1.12.2' ],
124 silly audit   '@unrs/resolver-binding-linux-arm-gnueabihf': [ '1.12.2' ],
124 silly audit   '@unrs/resolver-binding-linux-arm-musleabihf': [ '1.12.2' ],
124 silly audit   '@unrs/resolver-binding-linux-arm64-gnu': [ '1.12.2' ],
124 silly audit   '@unrs/resolver-binding-linux-arm64-musl': [ '1.12.2' ],
124 silly audit   '@unrs/resolver-binding-linux-loong64-gnu': [ '1.12.2' ],
124 silly audit   '@unrs/resolver-binding-linux-loong64-musl': [ '1.12.2' ],
124 silly audit   '@unrs/resolver-binding-linux-ppc64-gnu': [ '1.12.2' ],
124 silly audit   '@unrs/resolver-binding-linux-riscv64-gnu': [ '1.12.2' ],
124 silly audit   '@unrs/resolver-binding-linux-riscv64-musl': [ '1.12.2' ],
124 silly audit   '@unrs/resolver-binding-linux-s390x-gnu': [ '1.12.2' ],
124 silly audit   '@unrs/resolver-binding-linux-x64-gnu': [ '1.12.2' ],
124 silly audit   '@unrs/resolver-binding-linux-x64-musl': [ '1.12.2' ],
124 silly audit   '@unrs/resolver-binding-openharmony-arm64': [ '1.12.2' ],
124 silly audit   '@unrs/resolver-binding-wasm32-wasi': [ '1.12.2' ],
124 silly audit   '@unrs/resolver-binding-win32-arm64-msvc': [ '1.12.2' ],
124 silly audit   '@unrs/resolver-binding-win32-ia32-msvc': [ '1.12.2' ],
124 silly audit   '@unrs/resolver-binding-win32-x64-msvc': [ '1.12.2' ],
124 silly audit   acorn: [ '8.17.0' ],
124 silly audit   'acorn-jsx': [ '5.3.2' ],
124 silly audit   ajv: [ '6.15.0' ],
124 silly audit   'ansi-styles': [ '4.3.0' ],
124 silly audit   argparse: [ '2.0.1' ],
124 silly audit   'aria-query': [ '5.3.2' ],
124 silly audit   'array-buffer-byte-length': [ '1.0.2' ],
124 silly audit   'array-includes': [ '3.1.9' ],
124 silly audit   'array.prototype.findlast': [ '1.2.5' ],
124 silly audit   'array.prototype.findlastindex': [ '1.2.6' ],
124 silly audit   'array.prototype.flat': [ '1.3.3' ],
124 silly audit   'array.prototype.flatmap': [ '1.3.3' ],
124 silly audit   'array.prototype.tosorted': [ '1.1.4' ],
124 silly audit   'arraybuffer.prototype.slice': [ '1.0.4' ],
124 silly audit   'ast-types-flow': [ '0.0.8' ],
124 silly audit   'async-function': [ '1.0.0' ],
124 silly audit   'available-typed-arrays': [ '1.0.7' ],
124 silly audit   'axe-core': [ '4.12.1' ],
124 silly audit   'axobject-query': [ '4.1.0' ],
124 silly audit   'baseline-browser-mapping': [ '2.10.43' ],
124 silly audit   braces: [ '3.0.3' ],
124 silly audit   browserslist: [ '4.28.6' ],
124 silly audit   'call-bind': [ '1.0.9' ],
124 silly audit   'call-bind-apply-helpers': [ '1.0.2' ],
124 silly audit   'call-bound': [ '1.0.4' ],
124 silly audit   callsites: [ '3.1.0' ],
124 silly audit   'caniuse-lite': [ '1.0.30001805' ],
124 silly audit   chalk: [ '4.1.2' ],
124 silly audit   'client-only': [ '0.0.1' ],
124 silly audit   'color-convert': [ '2.0.1' ],
124 silly audit   'color-name': [ '1.1.4' ],
124 silly audit   'concat-map': [ '0.0.1' ],
124 silly audit   'convert-source-map': [ '2.0.0' ],
124 silly audit   'cross-spawn': [ '7.0.6' ],
124 silly audit   csstype: [ '3.2.3' ],
124 silly audit   'damerau-levenshtein': [ '1.0.8' ],
124 silly audit   'data-view-buffer': [ '1.0.2' ],
124 silly audit   'data-view-byte-length': [ '1.0.2' ],
124 silly audit   'data-view-byte-offset': [ '1.0.1' ],
124 silly audit   debug: [ '4.4.3', '3.2.7' ],
124 silly audit   'deep-is': [ '0.1.4' ],
124 silly audit   'define-data-property': [ '1.1.4' ],
124 silly audit   'define-properties': [ '1.2.1' ],
124 silly audit   'detect-libc': [ '2.1.2' ],
124 silly audit   doctrine: [ '2.1.0' ],
124 silly audit   'dunder-proto': [ '1.0.1' ],
124 silly audit   'electron-to-chromium': [ '1.5.389' ],
124 silly audit   'emoji-regex': [ '9.2.2' ],
124 silly audit   'enhanced-resolve': [ '5.21.6' ],
124 silly audit   'es-abstract': [ '1.24.2' ],
124 silly audit   'es-abstract-get': [ '1.0.0' ],
124 silly audit   'es-define-property': [ '1.0.1' ],
124 silly audit   'es-errors': [ '1.3.0' ],
124 silly audit   'es-iterator-helpers': [ '1.4.0' ],
124 silly audit   'es-object-atoms': [ '1.1.2' ],
124 silly audit   'es-set-tostringtag': [ '2.1.0' ],
124 silly audit   'es-shim-unscopables': [ '1.1.0' ],
124 silly audit   'es-to-primitive': [ '1.3.4' ],
124 silly audit   escalade: [ '3.2.0' ],
124 silly audit   'escape-string-regexp': [ '4.0.0' ],
124 silly audit   eslint: [ '9.39.5' ],
124 silly audit   'eslint-config-next': [ '16.2.10' ],
124 silly audit   globals: [ '16.4.0', '14.0.0' ],
124 silly audit   'eslint-import-resolver-node': [ '0.3.10' ],
124 silly audit   'eslint-import-resolver-typescript': [ '3.10.1' ],
124 silly audit   'eslint-module-utils': [ '2.14.0' ],
124 silly audit   'eslint-plugin-import': [ '2.32.0' ],
124 silly audit   'eslint-plugin-jsx-a11y': [ '6.10.2' ],
124 silly audit   'eslint-plugin-react': [ '7.37.5' ],
124 silly audit   'eslint-plugin-react-hooks': [ '7.1.1' ],
124 silly audit   'eslint-scope': [ '8.4.0' ],
124 silly audit   espree: [ '10.4.0' ],
124 silly audit   esquery: [ '1.7.0' ],
124 silly audit   esrecurse: [ '4.3.0' ],
124 silly audit   estraverse: [ '5.3.0' ],
124 silly audit   esutils: [ '2.0.3' ],
124 silly audit   'fast-deep-equal': [ '3.1.3' ],
124 silly audit   'fast-glob': [ '3.3.1' ],
124 silly audit   'glob-parent': [ '5.1.2', '6.0.2' ],
124 silly audit   'fast-json-stable-stringify': [ '2.1.0' ],
124 silly audit   'fast-levenshtein': [ '2.0.6' ],
124 silly audit   fastq: [ '1.20.1' ],
124 silly audit   'file-entry-cache': [ '8.0.0' ],
124 silly audit   'fill-range': [ '7.1.1' ],
124 silly audit   'find-up': [ '5.0.0' ],
124 silly audit   'flat-cache': [ '4.0.1' ],
124 silly audit   flatted: [ '3.4.2' ],
124 silly audit   'for-each': [ '0.3.5' ],
124 silly audit   'function-bind': [ '1.1.2' ],
124 silly audit   'function.prototype.name': [ '1.2.0' ],
124 silly audit   'functions-have-names': [ '1.2.3' ],
124 silly audit   'generator-function': [ '2.0.1' ],
124 silly audit   gensync: [ '1.0.0-beta.2' ],
124 silly audit   'get-intrinsic': [ '1.3.0' ],
124 silly audit   'get-proto': [ '1.0.1' ],
124 silly audit   'get-symbol-description': [ '1.1.0' ],
124 silly audit   'get-tsconfig': [ '4.14.0' ],
124 silly audit   globalthis: [ '1.0.4' ],
124 silly audit   gopd: [ '1.2.0' ],
124 silly audit   'graceful-fs': [ '4.2.11' ],
124 silly audit   'has-bigints': [ '1.1.0' ],
124 silly audit   'has-flag': [ '4.0.0' ],
124 silly audit   'has-property-descriptors': [ '1.0.2' ],
124 silly audit   'has-proto': [ '1.2.0' ],
124 silly audit   'has-symbols': [ '1.1.0' ],
124 silly audit   'has-tostringtag': [ '1.0.2' ],
124 silly audit   hasown: [ '2.0.4' ],
124 silly audit   'hermes-estree': [ '0.25.1' ],
124 silly audit   'hermes-parser': [ '0.25.1' ],
124 silly audit   'import-fresh': [ '3.3.1' ],
124 silly audit   imurmurhash: [ '0.1.4' ],
124 silly audit   'internal-slot': [ '1.1.0' ],
124 silly audit   'is-array-buffer': [ '3.0.5' ],
124 silly audit   'is-async-function': [ '2.1.1' ],
124 silly audit   'is-bigint': [ '1.1.0' ],
124 silly audit   'is-boolean-object': [ '1.2.2' ],
124 silly audit   'is-bun-module': [ '2.0.0' ],
124 silly audit   'is-callable': [ '1.2.7' ],
124 silly audit   'is-core-module': [ '2.16.2' ],
124 silly audit   'is-data-view': [ '1.0.2' ],
124 silly audit   'is-date-object': [ '1.1.0' ],
124 silly audit   'is-document.all': [ '1.0.0' ],
124 silly audit   'is-extglob': [ '2.1.1' ],
124 silly audit   'is-finalizationregistry': [ '1.1.1' ],
124 silly audit   'is-generator-function': [ '1.1.2' ],
124 silly audit   'is-glob': [ '4.0.3' ],
124 silly audit   'is-map': [ '2.0.3' ],
124 silly audit   'is-negative-zero': [ '2.0.3' ],
124 silly audit   'is-number': [ '7.0.0' ],
124 silly audit   'is-number-object': [ '1.1.1' ],
124 silly audit   'is-regex': [ '1.2.1' ],
124 silly audit   'is-set': [ '2.0.3' ],
124 silly audit   'is-shared-array-buffer': [ '1.0.4' ],
124 silly audit   'is-string': [ '1.1.1' ],
124 silly audit   'is-symbol': [ '1.1.1' ],
124 silly audit   'is-typed-array': [ '1.1.15' ],
124 silly audit   'is-weakmap': [ '2.0.2' ],
124 silly audit   'is-weakref': [ '1.1.1' ],
124 silly audit   'is-weakset': [ '2.0.4' ],
124 silly audit   isarray: [ '2.0.5' ],
124 silly audit   isexe: [ '2.0.0' ],
124 silly audit   'iterator.prototype': [ '1.1.5' ],
124 silly audit   jiti: [ '2.7.0' ],
124 silly audit   'js-tokens': [ '4.0.0' ],
124 silly audit   'js-yaml': [ '4.3.0' ],
124 silly audit   jsesc: [ '3.1.0' ],
124 silly audit   'json-buffer': [ '3.0.1' ],
124 silly audit   'json-schema-traverse': [ '0.4.1' ],
124 silly audit   'json-stable-stringify-without-jsonify': [ '1.0.1' ],
124 silly audit   json5: [ '2.2.3', '1.0.2' ],
124 silly audit   'jsx-ast-utils': [ '3.3.5' ],
124 silly audit   keyv: [ '4.5.4' ],
124 silly audit   'language-subtag-registry': [ '0.3.23' ],
124 silly audit   'language-tags': [ '1.0.9' ],
124 silly audit   levn: [ '0.4.1' ],
124 silly audit   lightningcss: [ '1.32.0' ],
124 silly audit   'lightningcss-android-arm64': [ '1.32.0' ],
124 silly audit   'lightningcss-darwin-arm64': [ '1.32.0' ],
124 silly audit   'lightningcss-darwin-x64': [ '1.32.0' ],
124 silly audit   'lightningcss-freebsd-x64': [ '1.32.0' ],
124 silly audit   'lightningcss-linux-arm-gnueabihf': [ '1.32.0' ],
124 silly audit   'lightningcss-linux-arm64-gnu': [ '1.32.0' ],
124 silly audit   'lightningcss-linux-arm64-musl': [ '1.32.0' ],
124 silly audit   'lightningcss-linux-x64-gnu': [ '1.32.0' ],
124 silly audit   'lightningcss-linux-x64-musl': [ '1.32.0' ],
124 silly audit   'lightningcss-win32-arm64-msvc': [ '1.32.0' ],
124 silly audit   'lightningcss-win32-x64-msvc': [ '1.32.0' ],
124 silly audit   'locate-path': [ '6.0.0' ],
124 silly audit   'lodash.merge': [ '4.6.2' ],
124 silly audit   'loose-envify': [ '1.4.0' ],
124 silly audit   'lru-cache': [ '5.1.1' ],
124 silly audit   'magic-string': [ '0.30.21' ],
124 silly audit   'math-intrinsics': [ '1.1.0' ],
124 silly audit   merge2: [ '1.4.1' ],
124 silly audit   micromatch: [ '4.0.8' ],
124 silly audit   minimist: [ '1.2.8' ],
124 silly audit   ms: [ '2.1.3' ],
124 silly audit   nanoid: [ '3.3.15' ],
124 silly audit   'napi-postinstall': [ '0.3.4' ],
124 silly audit   'natural-compare': [ '1.4.0' ],
124 silly audit   next: [ '16.2.10' ],
124 silly audit   postcss: [ '8.4.31', '8.5.17' ],
124 silly audit   'node-exports-info': [ '1.6.2' ],
124 silly audit   'node-releases': [ '2.0.51' ],
124 silly audit   'object-assign': [ '4.1.1' ],
124 silly audit   'object-inspect': [ '1.13.4' ],
124 silly audit   'object-keys': [ '1.1.1' ],
124 silly audit   'object.assign': [ '4.1.7' ],
124 silly audit   'object.entries': [ '1.1.9' ],
124 silly audit   'object.fromentries': [ '2.0.8' ],
124 silly audit   'object.groupby': [ '1.0.3' ],
124 silly audit   'object.values': [ '1.2.1' ],
124 silly audit   optionator: [ '0.9.4' ],
124 silly audit   'own-keys': [ '1.0.1' ],
124 silly audit   'p-limit': [ '3.1.0' ],
124 silly audit   'p-locate': [ '5.0.0' ],
124 silly audit   'parent-module': [ '1.0.1' ],
124 silly audit   'path-exists': [ '4.0.0' ],
124 silly audit   'path-key': [ '3.1.1' ],
124 silly audit   'path-parse': [ '1.0.7' ],
124 silly audit   picocolors: [ '1.1.1' ],
124 silly audit   picomatch: [ '2.3.2', '4.0.5' ],
124 silly audit   'possible-typed-array-names': [ '1.1.0' ],
124 silly audit   'prelude-ls': [ '1.2.1' ],
124 silly audit   'prop-types': [ '15.8.1' ],
124 silly audit   punycode: [ '2.3.1' ],
124 silly audit   'queue-microtask': [ '1.2.3' ],
124 silly audit   react: [ '19.2.4' ],
124 silly audit   'react-dom': [ '19.2.4' ],
124 silly audit   'react-is': [ '16.13.1' ],
124 silly audit   'reflect.getprototypeof': [ '1.0.10' ],
124 silly audit   'regexp.prototype.flags': [ '1.5.4' ],
124 silly audit   resolve: [ '2.0.0-next.7' ],
124 silly audit   'resolve-from': [ '4.0.0' ],
124 silly audit   'resolve-pkg-maps': [ '1.0.0' ],
124 silly audit   reusify: [ '1.1.0' ],
124 silly audit   'run-parallel': [ '1.2.0' ],
124 silly audit   'safe-array-concat': [ '1.1.4' ],
124 silly audit   'safe-push-apply': [ '1.0.0' ],
124 silly audit   'safe-regex-test': [ '1.1.0' ],
124 silly audit   scheduler: [ '0.27.0' ],
124 silly audit   'set-function-length': [ '1.2.2' ],
124 silly audit   'set-function-name': [ '2.0.2' ],
124 silly audit   'set-proto': [ '1.0.0' ],
124 silly audit   sharp: [ '0.34.5' ],
124 silly audit   'shebang-command': [ '2.0.0' ],
124 silly audit   'shebang-regex': [ '3.0.0' ],
124 silly audit   'side-channel': [ '1.1.1' ],
124 silly audit   'side-channel-list': [ '1.0.1' ],
124 silly audit   'side-channel-map': [ '1.0.1' ],
124 silly audit   'side-channel-weakmap': [ '1.0.2' ],
124 silly audit   'source-map-js': [ '1.2.1' ],
124 silly audit   'stable-hash': [ '0.0.5' ],
124 silly audit   'stop-iteration-iterator': [ '1.1.0' ],
124 silly audit   'string.prototype.includes': [ '2.0.1' ],
124 silly audit   'string.prototype.matchall': [ '4.0.12' ],
124 silly audit   'string.prototype.repeat': [ '1.0.0' ],
124 silly audit   'string.prototype.trim': [ '1.2.11' ],
124 silly audit   'string.prototype.trimend': [ '1.0.10' ],
124 silly audit   'string.prototype.trimstart': [ '1.0.8' ],
124 silly audit   'strip-bom': [ '3.0.0' ],
124 silly audit   'strip-json-comments': [ '3.1.1' ],
124 silly audit   'styled-jsx': [ '5.1.6' ],
124 silly audit   'supports-color': [ '7.2.0' ],
124 silly audit   'supports-preserve-symlinks-flag': [ '1.0.0' ],
124 silly audit   tailwindcss: [ '4.3.2' ],
124 silly audit   tapable: [ '2.3.3' ],
124 silly audit   tinyglobby: [ '0.2.17' ],
124 silly audit   fdir: [ '6.5.0' ],
124 silly audit   'to-regex-range': [ '5.0.1' ],
124 silly audit   'ts-api-utils': [ '2.5.0' ],
124 silly audit   'tsconfig-paths': [ '3.15.0' ],
124 silly audit   tslib: [ '2.8.1' ],
124 silly audit   'type-check': [ '0.4.0' ],
124 silly audit   'typed-array-buffer': [ '1.0.3' ],
124 silly audit   'typed-array-byte-length': [ '1.0.3' ],
124 silly audit   'typed-array-byte-offset': [ '1.0.4' ],
124 silly audit   'typed-array-length': [ '1.0.8' ],
124 silly audit   typescript: [ '5.9.3' ],
124 silly audit   'typescript-eslint': [ '8.63.0' ],
124 silly audit   'unbox-primitive': [ '1.1.0' ],
124 silly audit   'undici-types': [ '6.21.0' ],
124 silly audit   'unrs-resolver': [ '1.12.2' ],
124 silly audit   'update-browserslist-db': [ '1.2.3' ],
124 silly audit   'uri-js': [ '4.4.1' ],
124 silly audit   which: [ '2.0.2' ],
124 silly audit   'which-boxed-primitive': [ '1.1.1' ],
124 silly audit   'which-builtin-type': [ '1.2.1' ],
124 silly audit   'which-collection': [ '1.0.2' ],
124 silly audit   'which-typed-array': [ '1.1.22' ],
124 silly audit   'word-wrap': [ '1.2.5' ],
124 silly audit   yallist: [ '3.1.1' ],
124 silly audit   'yocto-queue': [ '0.1.0' ],
124 silly audit   'zod-validation-error': [ '4.0.2' ],
124 silly audit   '@hookform/resolvers': [ '5.4.0' ],
124 silly audit   '@supabase/ssr': [ '0.12.0' ],
124 silly audit   '@supabase/supabase-js': [ '2.110.2' ],
124 silly audit   clsx: [ '2.1.1' ],
124 silly audit   'lucide-react': [ '1.24.0' ],
124 silly audit   'react-hook-form': [ '7.81.0' ],
124 silly audit   'tailwind-merge': [ '3.6.0' ],
124 silly audit   zod: [ '4.4.3' ],
124 silly audit   '@standard-schema/utils': [ '0.3.0' ],
124 silly audit   cookie: [ '1.1.1' ],
124 silly audit   '@supabase/auth-js': [ '2.110.2' ],
124 silly audit   '@supabase/functions-js': [ '2.110.2' ],
124 silly audit   '@supabase/postgrest-js': [ '2.110.2' ],
124 silly audit   '@supabase/realtime-js': [ '2.110.2' ],
124 silly audit   '@supabase/storage-js': [ '2.110.2' ],
124 silly audit   '@supabase/phoenix': [ '0.4.4' ],
124 silly audit   'iceberg-js': [ '0.8.1' ]
124 silly audit }
125 http cache @supabase/phoenix@https://registry.npmjs.org/@supabase/phoenix/-/phoenix-0.4.4.tgz 0ms (cache hit)
126 http cache @supabase/storage-js@https://registry.npmjs.org/@supabase/storage-js/-/storage-js-2.110.2.tgz 0ms (cache hit)
127 http cache @supabase/postgrest-js@https://registry.npmjs.org/@supabase/postgrest-js/-/postgrest-js-2.110.2.tgz 0ms (cache hit)
128 http cache @supabase/realtime-js@https://registry.npmjs.org/@supabase/realtime-js/-/realtime-js-2.110.2.tgz 0ms (cache hit)
129 http cache iceberg-js@https://registry.npmjs.org/iceberg-js/-/iceberg-js-0.8.1.tgz 0ms (cache hit)
130 http cache @supabase/functions-js@https://registry.npmjs.org/@supabase/functions-js/-/functions-js-2.110.2.tgz 1ms (cache hit)
131 http cache cookie@https://registry.npmjs.org/cookie/-/cookie-1.1.1.tgz 0ms (cache hit)
132 http cache @standard-schema/utils@https://registry.npmjs.org/@standard-schema/utils/-/utils-0.3.0.tgz 0ms (cache hit)
133 http cache tailwind-merge@https://registry.npmjs.org/tailwind-merge/-/tailwind-merge-3.6.0.tgz 0ms (cache hit)
134 http cache react-hook-form@https://registry.npmjs.org/react-hook-form/-/react-hook-form-7.81.0.tgz 0ms (cache hit)
135 http cache lucide-react@https://registry.npmjs.org/lucide-react/-/lucide-react-1.24.0.tgz 0ms (cache hit)
136 http cache clsx@https://registry.npmjs.org/clsx/-/clsx-2.1.1.tgz 0ms (cache hit)
137 http cache @supabase/supabase-js@https://registry.npmjs.org/@supabase/supabase-js/-/supabase-js-2.110.2.tgz 0ms (cache hit)
138 http cache @supabase/ssr@https://registry.npmjs.org/@supabase/ssr/-/ssr-0.12.0.tgz 0ms (cache hit)
139 http cache @hookform/resolvers@https://registry.npmjs.org/@hookform/resolvers/-/resolvers-5.4.0.tgz 0ms (cache hit)
140 http cache @supabase/auth-js@https://registry.npmjs.org/@supabase/auth-js/-/auth-js-2.110.2.tgz 0ms (cache hit)
141 silly tarball no local data for @supabase/phoenix@https://registry.npmjs.org/@supabase/phoenix/-/phoenix-0.4.4.tgz. Extracting by manifest.
142 silly tarball no local data for @supabase/storage-js@https://registry.npmjs.org/@supabase/storage-js/-/storage-js-2.110.2.tgz. Extracting by manifest.
143 silly tarball no local data for @supabase/postgrest-js@https://registry.npmjs.org/@supabase/postgrest-js/-/postgrest-js-2.110.2.tgz. Extracting by manifest.
144 silly tarball no local data for @supabase/realtime-js@https://registry.npmjs.org/@supabase/realtime-js/-/realtime-js-2.110.2.tgz. Extracting by manifest.
145 silly tarball no local data for iceberg-js@https://registry.npmjs.org/iceberg-js/-/iceberg-js-0.8.1.tgz. Extracting by manifest.
146 silly tarball no local data for @supabase/functions-js@https://registry.npmjs.org/@supabase/functions-js/-/functions-js-2.110.2.tgz. Extracting by manifest.
147 silly tarball no local data for cookie@https://registry.npmjs.org/cookie/-/cookie-1.1.1.tgz. Extracting by manifest.
148 silly tarball no local data for @standard-schema/utils@https://registry.npmjs.org/@standard-schema/utils/-/utils-0.3.0.tgz. Extracting by manifest.
149 silly tarball no local data for tailwind-merge@https://registry.npmjs.org/tailwind-merge/-/tailwind-merge-3.6.0.tgz. Extracting by manifest.
150 silly tarball no local data for react-hook-form@https://registry.npmjs.org/react-hook-form/-/react-hook-form-7.81.0.tgz. Extracting by manifest.
151 silly tarball no local data for lucide-react@https://registry.npmjs.org/lucide-react/-/lucide-react-1.24.0.tgz. Extracting by manifest.
152 silly tarball no local data for clsx@https://registry.npmjs.org/clsx/-/clsx-2.1.1.tgz. Extracting by manifest.
153 silly tarball no local data for @supabase/supabase-js@https://registry.npmjs.org/@supabase/supabase-js/-/supabase-js-2.110.2.tgz. Extracting by manifest.
154 silly tarball no local data for @supabase/ssr@https://registry.npmjs.org/@supabase/ssr/-/ssr-0.12.0.tgz. Extracting by manifest.
155 silly tarball no local data for @hookform/resolvers@https://registry.npmjs.org/@hookform/resolvers/-/resolvers-5.4.0.tgz. Extracting by manifest.
156 silly tarball no local data for @supabase/auth-js@https://registry.npmjs.org/@supabase/auth-js/-/auth-js-2.110.2.tgz. Extracting by manifest.
157 http fetch GET 200 https://registry.npmjs.org/iceberg-js/-/iceberg-js-0.8.1.tgz 134ms (cache miss)
158 http fetch GET 200 https://registry.npmjs.org/@supabase/functions-js/-/functions-js-2.110.2.tgz 186ms (cache miss)
159 http fetch GET 200 https://registry.npmjs.org/@supabase/realtime-js/-/realtime-js-2.110.2.tgz 229ms (cache miss)
160 http fetch GET 200 https://registry.npmjs.org/@supabase/storage-js/-/storage-js-2.110.2.tgz 231ms (cache miss)
161 http fetch GET 200 https://registry.npmjs.org/@supabase/postgrest-js/-/postgrest-js-2.110.2.tgz 252ms (cache miss)
162 http fetch GET 200 https://registry.npmjs.org/@supabase/phoenix/-/phoenix-0.4.4.tgz 259ms (cache miss)
163 http fetch POST 200 https://registry.npmjs.org/-/npm/v1/security/advisories/bulk 308ms
164 silly audit report {
164 silly audit report   postcss: [
164 silly audit report     {
164 silly audit report       id: 1117015,
164 silly audit report       url: 'https://github.com/advisories/GHSA-qx2v-qp2m-jg93',
164 silly audit report       title: 'PostCSS has XSS via Unescaped </style> in its CSS Stringify Output',
164 silly audit report       severity: 'moderate',
164 silly audit report       vulnerable_versions: '<8.5.10',
164 silly audit report       cwe: [Array],
164 silly audit report       cvss: [Object]
164 silly audit report     }
164 silly audit report   ]
164 silly audit report }
165 silly packumentCache corgi:https://registry.npmjs.org/postcss cache-miss
166 http cache https://registry.npmjs.org/postcss 4ms (cache hit)
167 silly packumentCache corgi:https://registry.npmjs.org/postcss set size:346711 disposed:false
168 silly packumentCache corgi:https://registry.npmjs.org/next cache-miss
169 http cache https://registry.npmjs.org/next 38ms (cache hit)
170 silly packumentCache corgi:https://registry.npmjs.org/next set size:25358914 disposed:false
171 http fetch GET 200 https://registry.npmjs.org/clsx/-/clsx-2.1.1.tgz 565ms (cache miss)
172 http fetch GET 200 https://registry.npmjs.org/cookie/-/cookie-1.1.1.tgz 567ms (cache miss)
173 http fetch GET 200 https://registry.npmjs.org/@supabase/supabase-js/-/supabase-js-2.110.2.tgz 587ms (cache miss)
174 http fetch GET 200 https://registry.npmjs.org/tailwind-merge/-/tailwind-merge-3.6.0.tgz 589ms (cache miss)
175 http fetch GET 200 https://registry.npmjs.org/@standard-schema/utils/-/utils-0.3.0.tgz 614ms (cache miss)
176 http fetch GET 200 https://registry.npmjs.org/react-hook-form/-/react-hook-form-7.81.0.tgz 630ms (cache miss)
177 http fetch GET 200 https://registry.npmjs.org/@supabase/auth-js/-/auth-js-2.110.2.tgz 635ms (cache miss)
178 http fetch GET 200 https://registry.npmjs.org/@hookform/resolvers/-/resolvers-5.4.0.tgz 808ms (cache miss)
179 http fetch GET 200 https://registry.npmjs.org/@supabase/ssr/-/ssr-0.12.0.tgz 859ms (cache miss)
180 http fetch GET 200 https://registry.npmjs.org/lucide-react/-/lucide-react-1.24.0.tgz 1215ms (cache miss)
181 silly ADD node_modules/iceberg-js
182 silly ADD node_modules/@supabase/phoenix
183 silly ADD node_modules/@supabase/storage-js
184 silly ADD node_modules/@supabase/realtime-js
185 silly ADD node_modules/@supabase/postgrest-js
186 silly ADD node_modules/@supabase/functions-js
187 silly ADD node_modules/@supabase/auth-js
188 silly ADD node_modules/cookie
189 silly ADD node_modules/@standard-schema/utils
190 silly ADD node_modules/tailwind-merge
191 silly ADD node_modules/react-hook-form
192 silly ADD node_modules/lucide-react
193 silly ADD node_modules/clsx
194 silly ADD node_modules/@supabase/supabase-js
195 silly ADD node_modules/@supabase/ssr
196 silly ADD node_modules/@hookform/resolvers
197 silly REMOVE node_modules/@emnapi/runtime
198 silly REMOVE node_modules/@emnapi/core
199 verbose cwd /Users/asfanshanu/Desktop/hijamabyasfan
200 verbose os Darwin 25.5.0
201 verbose node v24.11.0
202 verbose npm  v11.6.1
203 verbose exit 0
204 info ok
